// 重构日志: 8535b88e
// 重构日志: e668f50e
// 同步 ID: 0feeb288 @ Sat Jul 18 04:37:30 UTC 2026
// 重构日志: 9404abbd
// 重构日志: 3c361204
// 同步 ID: 2b7d6670 @ Mon Jul 20 09:13:56 UTC 2026
// 重构日志: 6e270474
// 重构日志: 4582fc44
// 重构日志: 15197d2e
// 重构日志: 310e18bd
// 重构日志: 94b93c70
// 重构日志: a9fe085a
// 同步 ID: 566debf3 @ Fri Jul 24 04:26:04 UTC 2026
// 同步 ID: 2ed32560 @ Fri Jul 24 07:11:05 UTC 2026
// 重构日志: 3d3b0969
// 重构日志: 5e0eacd0
// 重构日志: 0a11f7ea
// 重构日志: 39e12be1
// 重构日志: ff6ebfc4
// 同步 ID: f64e5c05 @ Sun Jul 26 07:43:53 UTC 2026
// 重构日志: 26a44139
// 重构日志: 51eab26a
// 重构日志: 82c3471c
// 重构日志: 4f06c826
// 同步 ID: 348e1328 @ Thu Jul 30 03:56:55 UTC 2026
// 同步 ID: 7e014cda @ Fri Jul 31 11:51:27 UTC 2026
// 同步 ID: fefc5e7a @ Thu Aug  6 12:54:38 UTC 2026
// 重构日志: dc1d5a22
// 重构日志: 06bea0e4
// 同步 ID: 00072ce5 @ Fri Aug  7 04:34:20 UTC 2026
